layer at (0,0) size 800x7450
  RenderView at (0,0) size 800x600
layer at (0,0) size 800x7450
  RenderBlock {HTML} at (0,0) size 800x7450
    RenderBody {BODY} at (8,8) size 784x7426
      RenderBlock (anonymous) at (0,0) size 784x20
        RenderText {#text} at (0,0) size 352x19
          text run at (0,0) width 352: "This tests font choices and metrics for the fantasy font."
      RenderBlock {P} at (0,36) size 784x2470
        RenderInline {FONT} at (0,0) size 59x2470
          RenderText {#text} at (0,0) size 54x26
            text run at (0,0) width 54: "fantasy"
          RenderBR {BR} at (53,0) size 1x26
          RenderText {#text} at (0,26) size 15x26
            text run at (0,26) width 15: "    "
          RenderBR {BR} at (14,26) size 1x26
          RenderText {#text} at (0,52) size 17x26
            text run at (0,52) width 17: "!!!!"
          RenderBR {BR} at (16,52) size 1x26
          RenderText {#text} at (0,78) size 21x26
            text run at (0,78) width 21: "\"\"\"\""
          RenderBR {BR} at (20,78) size 1x26
          RenderText {#text} at (0,104) size 40x26
            text run at (0,104) width 40: "####"
          RenderBR {BR} at (39,104) size 1x26
          RenderText {#text} at (0,130) size 35x26
            text run at (0,130) width 35: "$$$$"
          RenderBR {BR} at (34,130) size 1x26
          RenderText {#text} at (0,156) size 49x26
            text run at (0,156) width 49: "%%%%"
          RenderBR {BR} at (48,156) size 1x26
          RenderText {#text} at (0,182) size 51x26
            text run at (0,182) width 51: "&&&&"
          RenderBR {BR} at (50,182) size 1x26
          RenderText {#text} at (0,208) size 13x26
            text run at (0,208) width 13: "''''"
          RenderBR {BR} at (12,208) size 1x26
          RenderText {#text} at (0,234) size 28x26
            text run at (0,234) width 28: "(((("
          RenderBR {BR} at (27,234) size 1x26
          RenderText {#text} at (0,260) size 28x26
            text run at (0,260) width 28: "))))"
          RenderBR {BR} at (27,260) size 1x26
          RenderText {#text} at (0,286) size 25x26
            text run at (0,286) width 25: "****"
          RenderBR {BR} at (24,286) size 1x26
          RenderText {#text} at (0,312) size 33x26
            text run at (0,312) width 33: "++++"
          RenderBR {BR} at (32,312) size 1x26
          RenderText {#text} at (0,338) size 18x26
            text run at (0,338) width 18: ",,,,"
          RenderBR {BR} at (17,338) size 1x26
          RenderText {#text} at (0,364) size 30x26
            text run at (0,364) width 30: "----"
          RenderBR {BR} at (29,364) size 1x26
          RenderText {#text} at (0,390) size 18x26
            text run at (0,390) width 18: "...."
          RenderBR {BR} at (17,390) size 1x26
          RenderText {#text} at (0,416) size 34x26
            text run at (0,416) width 34: "////"
          RenderBR {BR} at (33,416) size 1x26
          RenderText {#text} at (0,442) size 43x26
            text run at (0,442) width 43: "0000"
          RenderBR {BR} at (42,442) size 1x26
          RenderText {#text} at (0,468) size 17x26
            text run at (0,468) width 17: "1111"
          RenderBR {BR} at (16,468) size 1x26
          RenderText {#text} at (0,494) size 33x26
            text run at (0,494) width 33: "2222"
          RenderBR {BR} at (32,494) size 1x26
          RenderText {#text} at (0,520) size 31x26
            text run at (0,520) width 31: "3333"
          RenderBR {BR} at (30,520) size 1x26
          RenderText {#text} at (0,546) size 43x26
            text run at (0,546) width 43: "4444"
          RenderBR {BR} at (42,546) size 1x26
          RenderText {#text} at (0,572) size 32x26
            text run at (0,572) width 32: "5555"
          RenderBR {BR} at (31,572) size 1x26
          RenderText {#text} at (0,598) size 34x26
            text run at (0,598) width 34: "6666"
          RenderBR {BR} at (33,598) size 1x26
          RenderText {#text} at (0,624) size 30x26
            text run at (0,624) width 30: "7777"
          RenderBR {BR} at (29,624) size 1x26
          RenderText {#text} at (0,650) size 32x26
            text run at (0,650) width 32: "8888"
          RenderBR {BR} at (31,650) size 1x26
          RenderText {#text} at (0,676) size 34x26
            text run at (0,676) width 34: "9999"
          RenderBR {BR} at (33,676) size 1x26
          RenderText {#text} at (0,702) size 18x26
            text run at (0,702) width 18: "::::"
          RenderBR {BR} at (17,702) size 1x26
          RenderText {#text} at (0,728) size 18x26
            text run at (0,728) width 18: ";;;;"
          RenderBR {BR} at (17,728) size 1x26
          RenderText {#text} at (0,754) size 36x26
            text run at (0,754) width 36: "<<<<"
          RenderBR {BR} at (35,754) size 1x26
          RenderText {#text} at (0,780) size 30x26
            text run at (0,780) width 30: "===="
          RenderBR {BR} at (29,780) size 1x26
          RenderText {#text} at (0,806) size 36x26
            text run at (0,806) width 36: ">>>>"
          RenderBR {BR} at (35,806) size 1x26
          RenderText {#text} at (0,832) size 31x26
            text run at (0,832) width 31: "????"
          RenderBR {BR} at (30,832) size 1x26
          RenderText {#text} at (0,858) size 39x26
            text run at (0,858) width 39: "@@@@"
          RenderBR {BR} at (38,858) size 1x26
          RenderText {#text} at (0,884) size 47x26
            text run at (0,884) width 47: "AAAA"
          RenderBR {BR} at (46,884) size 1x26
          RenderText {#text} at (0,910) size 47x26
            text run at (0,910) width 47: "BBBB"
          RenderBR {BR} at (46,910) size 1x26
          RenderText {#text} at (0,936) size 45x26
            text run at (0,936) width 45: "CCCC"
          RenderBR {BR} at (44,936) size 1x26
          RenderText {#text} at (0,962) size 53x26
            text run at (0,962) width 53: "DDDD"
          RenderBR {BR} at (52,962) size 1x26
          RenderText {#text} at (0,988) size 47x26
            text run at (0,988) width 47: "EEEE"
          RenderBR {BR} at (46,988) size 1x26
          RenderText {#text} at (0,1014) size 40x26
            text run at (0,1014) width 40: "FFFF"
          RenderBR {BR} at (39,1014) size 1x26
          RenderText {#text} at (0,1040) size 48x26
            text run at (0,1040) width 48: "GGGG"
          RenderBR {BR} at (47,1040) size 1x26
          RenderText {#text} at (0,1066) size 49x26
            text run at (0,1066) width 49: "HHHH"
          RenderBR {BR} at (48,1066) size 1x26
          RenderText {#text} at (0,1092) size 16x26
            text run at (0,1092) width 16: "IIII"
          RenderBR {BR} at (15,1092) size 1x26
          RenderText {#text} at (0,1118) size 35x26
            text run at (0,1118) width 35: "JJJJ"
          RenderBR {BR} at (34,1118) size 1x26
          RenderText {#text} at (0,1144) size 46x26
            text run at (0,1144) width 46: "KKKK"
          RenderBR {BR} at (45,1144) size 1x26
          RenderText {#text} at (0,1170) size 39x26
            text run at (0,1170) width 39: "LLLL"
          RenderBR {BR} at (38,1170) size 1x26
          RenderText {#text} at (0,1196) size 56x26
            text run at (0,1196) width 56: "MMMM"
          RenderBR {BR} at (55,1196) size 1x26
          RenderText {#text} at (0,1222) size 42x26
            text run at (0,1222) width 42: "NNNN"
          RenderBR {BR} at (41,1222) size 1x26
          RenderText {#text} at (0,1248) size 59x26
            text run at (0,1248) width 59: "OOOO"
          RenderBR {BR} at (58,1248) size 1x26
          RenderText {#text} at (0,1274) size 42x26
            text run at (0,1274) width 42: "PPPP"
          RenderBR {BR} at (41,1274) size 1x26
          RenderText {#text} at (0,1300) size 59x26
            text run at (0,1300) width 59: "QQQQ"
          RenderBR {BR} at (58,1300) size 1x26
          RenderText {#text} at (0,1326) size 43x26
            text run at (0,1326) width 43: "RRRR"
          RenderBR {BR} at (42,1326) size 1x26
          RenderText {#text} at (0,1352) size 42x26
            text run at (0,1352) width 42: "SSSS"
          RenderBR {BR} at (41,1352) size 1x26
          RenderText {#text} at (0,1378) size 45x26
            text run at (0,1378) width 45: "TTTT"
          RenderBR {BR} at (44,1378) size 1x26
          RenderText {#text} at (0,1404) size 52x26
            text run at (0,1404) width 52: "UUUU"
          RenderBR {BR} at (51,1404) size 1x26
          RenderText {#text} at (0,1430) size 38x26
            text run at (0,1430) width 38: "VVVV"
          RenderBR {BR} at (37,1430) size 1x26
          RenderText {#text} at (0,1456) size 51x26
            text run at (0,1456) width 51: "WWWW"
          RenderBR {BR} at (50,1456) size 1x26
          RenderText {#text} at (0,1482) size 42x26
            text run at (0,1482) width 42: "XXXX"
          RenderBR {BR} at (41,1482) size 1x26
          RenderText {#text} at (0,1508) size 41x26
            text run at (0,1508) width 41: "YYYY"
          RenderBR {BR} at (40,1508) size 1x26
          RenderText {#text} at (0,1534) size 43x26
            text run at (0,1534) width 43: "ZZZZ"
          RenderBR {BR} at (42,1534) size 1x26
          RenderText {#text} at (0,1560) size 28x26
            text run at (0,1560) width 28: "[[[["
          RenderBR {BR} at (27,1560) size 1x26
          RenderText {#text} at (0,1586) size 34x26
            text run at (0,1586) width 34: "\\\\\\\\"
          RenderBR {BR} at (33,1586) size 1x26
          RenderText {#text} at (0,1612) size 28x26
            text run at (0,1612) width 28: "]]]]"
          RenderBR {BR} at (27,1612) size 1x26
          RenderText {#text} at (0,1638) size 34x26
            text run at (0,1638) width 34: "^^^^"
          RenderBR {BR} at (33,1638) size 1x26
          RenderText {#text} at (0,1664) size 32x26
            text run at (0,1664) width 32: "____"
          RenderBR {BR} at (32,1664) size 0x26
          RenderText {#text} at (0,1690) size 19x26
            text run at (0,1690) width 19: "````"
          RenderBR {BR} at (18,1690) size 1x26
          RenderText {#text} at (0,1716) size 35x26
            text run at (0,1716) width 35: "aaaa"
          RenderBR {BR} at (34,1716) size 1x26
          RenderText {#text} at (0,1742) size 39x26
            text run at (0,1742) width 39: "bbbb"
          RenderBR {BR} at (38,1742) size 1x26
          RenderText {#text} at (0,1768) size 32x26
            text run at (0,1768) width 32: "cccc"
          RenderBR {BR} at (31,1768) size 1x26
          RenderText {#text} at (0,1794) size 39x26
            text run at (0,1794) width 39: "dddd"
          RenderBR {BR} at (38,1794) size 1x26
          RenderText {#text} at (0,1820) size 34x26
            text run at (0,1820) width 34: "eeee"
          RenderBR {BR} at (33,1820) size 1x26
          RenderText {#text} at (0,1846) size 26x26
            text run at (0,1846) width 26: "ffff"
          RenderBR {BR} at (25,1846) size 1x26
          RenderText {#text} at (0,1872) size 35x26
            text run at (0,1872) width 35: "gggg"
          RenderBR {BR} at (34,1872) size 1x26
          RenderText {#text} at (0,1898) size 37x26
            text run at (0,1898) width 37: "hhhh"
          RenderBR {BR} at (36,1898) size 1x26
          RenderText {#text} at (0,1924) size 14x26
            text run at (0,1924) width 14: "iiii"
          RenderBR {BR} at (13,1924) size 1x26
          RenderText {#text} at (0,1950) size 14x26
            text run at (0,1950) width 14: "jjjj"
          RenderBR {BR} at (13,1950) size 1x26
          RenderText {#text} at (0,1976) size 36x26
            text run at (0,1976) width 36: "kkkk"
          RenderBR {BR} at (35,1976) size 1x26
          RenderText {#text} at (0,2002) size 15x26
            text run at (0,2002) width 15: "llll"
          RenderBR {BR} at (14,2002) size 1x26
          RenderText {#text} at (0,2028) size 46x26
            text run at (0,2028) width 46: "mmmm"
          RenderBR {BR} at (45,2028) size 1x26
          RenderText {#text} at (0,2054) size 36x26
            text run at (0,2054) width 36: "nnnn"
          RenderBR {BR} at (35,2054) size 1x26
          RenderText {#text} at (0,2080) size 39x26
            text run at (0,2080) width 39: "oooo"
          RenderBR {BR} at (38,2080) size 1x26
          RenderText {#text} at (0,2106) size 40x26
            text run at (0,2106) width 40: "pppp"
          RenderBR {BR} at (39,2106) size 1x26
          RenderText {#text} at (0,2132) size 37x26
            text run at (0,2132) width 37: "qqqq"
          RenderBR {BR} at (36,2132) size 1x26
          RenderText {#text} at (0,2158) size 25x26
            text run at (0,2158) width 25: "rrrr"
          RenderBR {BR} at (24,2158) size 1x26
          RenderText {#text} at (0,2184) size 31x26
            text run at (0,2184) width 31: "ssss"
          RenderBR {BR} at (30,2184) size 1x26
          RenderText {#text} at (0,2210) size 24x26
            text run at (0,2210) width 24: "tttt"
          RenderBR {BR} at (23,2210) size 1x26
          RenderText {#text} at (0,2236) size 36x26
            text run at (0,2236) width 36: "uuuu"
          RenderBR {BR} at (35,2236) size 1x26
          RenderText {#text} at (0,2262) size 29x26
            text run at (0,2262) width 29: "vvvv"
          RenderBR {BR} at (28,2262) size 1x26
          RenderText {#text} at (0,2288) size 42x26
            text run at (0,2288) width 42: "wwww"
          RenderBR {BR} at (41,2288) size 1x26
          RenderText {#text} at (0,2314) size 32x26
            text run at (0,2314) width 32: "xxxx"
          RenderBR {BR} at (31,2314) size 1x26
          RenderText {#text} at (0,2340) size 35x26
            text run at (0,2340) width 35: "yyyy"
          RenderBR {BR} at (34,2340) size 1x26
          RenderText {#text} at (0,2366) size 29x26
            text run at (0,2366) width 29: "zzzz"
          RenderBR {BR} at (28,2366) size 1x26
          RenderText {#text} at (0,2392) size 17x26
            text run at (0,2392) width 17: "{{{{"
          RenderBR {BR} at (16,2392) size 1x26
          RenderText {#text} at (0,2418) size 15x26
            text run at (0,2418) width 15: "||||"
          RenderBR {BR} at (14,2418) size 1x26
          RenderText {#text} at (0,2444) size 17x26
            text run at (0,2444) width 17: "}}}}"
          RenderBR {BR} at (16,2444) size 1x26
      RenderBlock {P} at (0,2522) size 784x2444
        RenderInline {FONT} at (0,0) size 61x2444
          RenderText {#text} at (0,0) size 0x0
          RenderInline {B} at (0,0) size 61x2444
            RenderText {#text} at (0,0) size 17x26
              text run at (0,0) width 17: "    "
            RenderBR {BR} at (16,0) size 1x26
            RenderText {#text} at (0,26) size 19x26
              text run at (0,26) width 19: "!!!!"
            RenderBR {BR} at (18,26) size 1x26
            RenderText {#text} at (0,52) size 23x26
              text run at (0,52) width 23: "\"\"\"\""
            RenderBR {BR} at (22,52) size 1x26
            RenderText {#text} at (0,78) size 41x26
              text run at (0,78) width 41: "####"
            RenderBR {BR} at (40,78) size 1x26
            RenderText {#text} at (0,104) size 36x26
              text run at (0,104) width 36: "$$$$"
            RenderBR {BR} at (35,104) size 1x26
            RenderText {#text} at (0,130) size 51x26
              text run at (0,130) width 51: "%%%%"
            RenderBR {BR} at (50,130) size 1x26
            RenderText {#text} at (0,156) size 52x26
              text run at (0,156) width 52: "&&&&"
            RenderBR {BR} at (51,156) size 1x26
            RenderText {#text} at (0,182) size 15x26
              text run at (0,182) width 15: "''''"
            RenderBR {BR} at (14,182) size 1x26
            RenderText {#text} at (0,208) size 30x26
              text run at (0,208) width 30: "(((("
            RenderBR {BR} at (29,208) size 1x26
            RenderText {#text} at (0,234) size 30x26
              text run at (0,234) width 30: "))))"
            RenderBR {BR} at (29,234) size 1x26
            RenderText {#text} at (0,260) size 26x26
              text run at (0,260) width 26: "****"
            RenderBR {BR} at (25,260) size 1x26
            RenderText {#text} at (0,286) size 35x26
              text run at (0,286) width 35: "++++"
            RenderBR {BR} at (34,286) size 1x26
            RenderText {#text} at (0,312) size 20x26
              text run at (0,312) width 20: ",,,,"
            RenderBR {BR} at (19,312) size 1x26
            RenderText {#text} at (0,338) size 32x26
              text run at (0,338) width 32: "----"
            RenderBR {BR} at (31,338) size 1x26
            RenderText {#text} at (0,364) size 20x26
              text run at (0,364) width 20: "...."
            RenderBR {BR} at (19,364) size 1x26
            RenderText {#text} at (0,390) size 36x26
              text run at (0,390) width 36: "////"
            RenderBR {BR} at (35,390) size 1x26
            RenderText {#text} at (0,416) size 45x26
              text run at (0,416) width 45: "0000"
            RenderBR {BR} at (44,416) size 1x26
            RenderText {#text} at (0,442) size 18x26
              text run at (0,442) width 18: "1111"
            RenderBR {BR} at (17,442) size 1x26
            RenderText {#text} at (0,468) size 35x26
              text run at (0,468) width 35: "2222"
            RenderBR {BR} at (34,468) size 1x26
            RenderText {#text} at (0,494) size 33x26
              text run at (0,494) width 33: "3333"
            RenderBR {BR} at (32,494) size 1x26
            RenderText {#text} at (0,520) size 44x26
              text run at (0,520) width 44: "4444"
            RenderBR {BR} at (43,520) size 1x26
            RenderText {#text} at (0,546) size 34x26
              text run at (0,546) width 34: "5555"
            RenderBR {BR} at (33,546) size 1x26
            RenderText {#text} at (0,572) size 36x26
              text run at (0,572) width 36: "6666"
            RenderBR {BR} at (35,572) size 1x26
            RenderText {#text} at (0,598) size 32x26
              text run at (0,598) width 32: "7777"
            RenderBR {BR} at (31,598) size 1x26
            RenderText {#text} at (0,624) size 34x26
              text run at (0,624) width 34: "8888"
            RenderBR {BR} at (33,624) size 1x26
            RenderText {#text} at (0,650) size 36x26
              text run at (0,650) width 36: "9999"
            RenderBR {BR} at (35,650) size 1x26
            RenderText {#text} at (0,676) size 20x26
              text run at (0,676) width 20: "::::"
            RenderBR {BR} at (19,676) size 1x26
            RenderText {#text} at (0,702) size 20x26
              text run at (0,702) width 20: ";;;;"
            RenderBR {BR} at (19,702) size 1x26
            RenderText {#text} at (0,728) size 38x26
              text run at (0,728) width 38: "<<<<"
            RenderBR {BR} at (37,728) size 1x26
            RenderText {#text} at (0,754) size 32x26
              text run at (0,754) width 32: "===="
            RenderBR {BR} at (31,754) size 1x26
            RenderText {#text} at (0,780) size 38x26
              text run at (0,780) width 38: ">>>>"
            RenderBR {BR} at (37,780) size 1x26
            RenderText {#text} at (0,806) size 33x26
              text run at (0,806) width 33: "????"
            RenderBR {BR} at (32,806) size 1x26
            RenderText {#text} at (0,832) size 41x26
              text run at (0,832) width 41: "@@@@"
            RenderBR {BR} at (40,832) size 1x26
            RenderText {#text} at (0,858) size 49x26
              text run at (0,858) width 49: "AAAA"
            RenderBR {BR} at (48,858) size 1x26
            RenderText {#text} at (0,884) size 49x26
              text run at (0,884) width 49: "BBBB"
            RenderBR {BR} at (48,884) size 1x26
            RenderText {#text} at (0,910) size 47x26
              text run at (0,910) width 47: "CCCC"
            RenderBR {BR} at (46,910) size 1x26
            RenderText {#text} at (0,936) size 55x26
              text run at (0,936) width 55: "DDDD"
            RenderBR {BR} at (54,936) size 1x26
            RenderText {#text} at (0,962) size 48x26
              text run at (0,962) width 48: "EEEE"
            RenderBR {BR} at (47,962) size 1x26
            RenderText {#text} at (0,988) size 42x26
              text run at (0,988) width 42: "FFFF"
            RenderBR {BR} at (41,988) size 1x26
            RenderText {#text} at (0,1014) size 49x26
              text run at (0,1014) width 49: "GGGG"
            RenderBR {BR} at (48,1014) size 1x26
            RenderText {#text} at (0,1040) size 51x26
              text run at (0,1040) width 51: "HHHH"
            RenderBR {BR} at (50,1040) size 1x26
            RenderText {#text} at (0,1066) size 18x26
              text run at (0,1066) width 18: "IIII"
            RenderBR {BR} at (17,1066) size 1x26
            RenderText {#text} at (0,1092) size 37x26
              text run at (0,1092) width 37: "JJJJ"
            RenderBR {BR} at (36,1092) size 1x26
            RenderText {#text} at (0,1118) size 48x26
              text run at (0,1118) width 48: "KKKK"
            RenderBR {BR} at (47,1118) size 1x26
            RenderText {#text} at (0,1144) size 41x26
              text run at (0,1144) width 41: "LLLL"
            RenderBR {BR} at (40,1144) size 1x26
            RenderText {#text} at (0,1170) size 58x26
              text run at (0,1170) width 58: "MMMM"
            RenderBR {BR} at (57,1170) size 1x26
            RenderText {#text} at (0,1196) size 44x26
              text run at (0,1196) width 44: "NNNN"
            RenderBR {BR} at (43,1196) size 1x26
            RenderText {#text} at (0,1222) size 61x26
              text run at (0,1222) width 61: "OOOO"
            RenderBR {BR} at (60,1222) size 1x26
            RenderText {#text} at (0,1248) size 44x26
              text run at (0,1248) width 44: "PPPP"
            RenderBR {BR} at (43,1248) size 1x26
            RenderText {#text} at (0,1274) size 61x26
              text run at (0,1274) width 61: "QQQQ"
            RenderBR {BR} at (60,1274) size 1x26
            RenderText {#text} at (0,1300) size 45x26
              text run at (0,1300) width 45: "RRRR"
            RenderBR {BR} at (44,1300) size 1x26
            RenderText {#text} at (0,1326) size 44x26
              text run at (0,1326) width 44: "SSSS"
            RenderBR {BR} at (43,1326) size 1x26
            RenderText {#text} at (0,1352) size 47x26
              text run at (0,1352) width 47: "TTTT"
            RenderBR {BR} at (46,1352) size 1x26
            RenderText {#text} at (0,1378) size 54x26
              text run at (0,1378) width 54: "UUUU"
            RenderBR {BR} at (53,1378) size 1x26
            RenderText {#text} at (0,1404) size 39x26
              text run at (0,1404) width 39: "VVVV"
            RenderBR {BR} at (38,1404) size 1x26
            RenderText {#text} at (0,1430) size 52x26
              text run at (0,1430) width 52: "WWWW"
            RenderBR {BR} at (51,1430) size 1x26
            RenderText {#text} at (0,1456) size 44x26
              text run at (0,1456) width 44: "XXXX"
            RenderBR {BR} at (43,1456) size 1x26
            RenderText {#text} at (0,1482) size 42x26
              text run at (0,1482) width 42: "YYYY"
            RenderBR {BR} at (41,1482) size 1x26
            RenderText {#text} at (0,1508) size 45x26
              text run at (0,1508) width 45: "ZZZZ"
            RenderBR {BR} at (44,1508) size 1x26
            RenderText {#text} at (0,1534) size 30x26
              text run at (0,1534) width 30: "[[[["
            RenderBR {BR} at (29,1534) size 1x26
            RenderText {#text} at (0,1560) size 36x26
              text run at (0,1560) width 36: "\\\\\\\\"
            RenderBR {BR} at (35,1560) size 1x26
            RenderText {#text} at (0,1586) size 30x26
              text run at (0,1586) width 30: "]]]]"
            RenderBR {BR} at (29,1586) size 1x26
            RenderText {#text} at (0,1612) size 36x26
              text run at (0,1612) width 36: "^^^^"
            RenderBR {BR} at (35,1612) size 1x26
            RenderText {#text} at (0,1638) size 34x26
              text run at (0,1638) width 34: "____"
            RenderBR {BR} at (33,1638) size 1x26
            RenderText {#text} at (0,1664) size 21x26
              text run at (0,1664) width 21: "````"
            RenderBR {BR} at (20,1664) size 1x26
            RenderText {#text} at (0,1690) size 37x26
              text run at (0,1690) width 37: "aaaa"
            RenderBR {BR} at (36,1690) size 1x26
            RenderText {#text} at (0,1716) size 41x26
              text run at (0,1716) width 41: "bbbb"
            RenderBR {BR} at (40,1716) size 1x26
            RenderText {#text} at (0,1742) size 34x26
              text run at (0,1742) width 34: "cccc"
            RenderBR {BR} at (33,1742) size 1x26
            RenderText {#text} at (0,1768) size 41x26
              text run at (0,1768) width 41: "dddd"
            RenderBR {BR} at (40,1768) size 1x26
            RenderText {#text} at (0,1794) size 36x26
              text run at (0,1794) width 36: "eeee"
            RenderBR {BR} at (35,1794) size 1x26
            RenderText {#text} at (0,1820) size 27x26
              text run at (0,1820) width 27: "ffff"
            RenderBR {BR} at (26,1820) size 1x26
            RenderText {#text} at (0,1846) size 37x26
              text run at (0,1846) width 37: "gggg"
            RenderBR {BR} at (36,1846) size 1x26
            RenderText {#text} at (0,1872) size 39x26
              text run at (0,1872) width 39: "hhhh"
            RenderBR {BR} at (38,1872) size 1x26
            RenderText {#text} at (0,1898) size 16x26
              text run at (0,1898) width 16: "iiii"
            RenderBR {BR} at (15,1898) size 1x26
            RenderText {#text} at (0,1924) size 16x26
              text run at (0,1924) width 16: "jjjj"
            RenderBR {BR} at (15,1924) size 1x26
            RenderText {#text} at (0,1950) size 37x26
              text run at (0,1950) width 37: "kkkk"
            RenderBR {BR} at (36,1950) size 1x26
            RenderText {#text} at (0,1976) size 16x26
              text run at (0,1976) width 16: "llll"
            RenderBR {BR} at (15,1976) size 1x26
            RenderText {#text} at (0,2002) size 48x26
              text run at (0,2002) width 48: "mmmm"
            RenderBR {BR} at (47,2002) size 1x26
            RenderText {#text} at (0,2028) size 37x26
              text run at (0,2028) width 37: "nnnn"
            RenderBR {BR} at (36,2028) size 1x26
            RenderText {#text} at (0,2054) size 41x26
              text run at (0,2054) width 41: "oooo"
            RenderBR {BR} at (40,2054) size 1x26
            RenderText {#text} at (0,2080) size 42x26
              text run at (0,2080) width 42: "pppp"
            RenderBR {BR} at (41,2080) size 1x26
            RenderText {#text} at (0,2106) size 39x26
              text run at (0,2106) width 39: "qqqq"
            RenderBR {BR} at (38,2106) size 1x26
            RenderText {#text} at (0,2132) size 27x26
              text run at (0,2132) width 27: "rrrr"
            RenderBR {BR} at (26,2132) size 1x26
            RenderText {#text} at (0,2158) size 32x26
              text run at (0,2158) width 32: "ssss"
            RenderBR {BR} at (31,2158) size 1x26
            RenderText {#text} at (0,2184) size 25x26
              text run at (0,2184) width 25: "tttt"
            RenderBR {BR} at (24,2184) size 1x26
            RenderText {#text} at (0,2210) size 38x26
              text run at (0,2210) width 38: "uuuu"
            RenderBR {BR} at (37,2210) size 1x26
            RenderText {#text} at (0,2236) size 31x26
              text run at (0,2236) width 31: "vvvv"
            RenderBR {BR} at (30,2236) size 1x26
            RenderText {#text} at (0,2262) size 43x26
              text run at (0,2262) width 43: "wwww"
            RenderBR {BR} at (42,2262) size 1x26
            RenderText {#text} at (0,2288) size 34x26
              text run at (0,2288) width 34: "xxxx"
            RenderBR {BR} at (33,2288) size 1x26
            RenderText {#text} at (0,2314) size 37x26
              text run at (0,2314) width 37: "yyyy"
            RenderBR {BR} at (36,2314) size 1x26
            RenderText {#text} at (0,2340) size 31x26
              text run at (0,2340) width 31: "zzzz"
            RenderBR {BR} at (30,2340) size 1x26
            RenderText {#text} at (0,2366) size 19x26
              text run at (0,2366) width 19: "{{{{"
            RenderBR {BR} at (18,2366) size 1x26
            RenderText {#text} at (0,2392) size 16x26
              text run at (0,2392) width 16: "||||"
            RenderBR {BR} at (15,2392) size 1x26
            RenderText {#text} at (0,2418) size 19x26
              text run at (0,2418) width 19: "}}}}"
            RenderBR {BR} at (18,2418) size 1x26
          RenderText {#text} at (0,0) size 0x0
      RenderBlock {P} at (0,4982) size 784x2444
        RenderInline {FONT} at (0,0) size 59x2444
          RenderText {#text} at (0,0) size 0x0
          RenderInline {I} at (0,0) size 59x2444
            RenderText {#text} at (0,0) size 15x26
              text run at (0,0) width 15: "    "
            RenderBR {BR} at (14,0) size 1x26
            RenderText {#text} at (0,26) size 17x26
              text run at (0,26) width 17: "!!!!"
            RenderBR {BR} at (16,26) size 1x26
            RenderText {#text} at (0,52) size 21x26
              text run at (0,52) width 21: "\"\"\"\""
            RenderBR {BR} at (20,52) size 1x26
            RenderText {#text} at (0,78) size 40x26
              text run at (0,78) width 40: "####"
            RenderBR {BR} at (39,78) size 1x26
            RenderText {#text} at (0,104) size 35x26
              text run at (0,104) width 35: "$$$$"
            RenderBR {BR} at (34,104) size 1x26
            RenderText {#text} at (0,130) size 49x26
              text run at (0,130) width 49: "%%%%"
            RenderBR {BR} at (48,130) size 1x26
            RenderText {#text} at (0,156) size 51x26
              text run at (0,156) width 51: "&&&&"
            RenderBR {BR} at (50,156) size 1x26
            RenderText {#text} at (0,182) size 13x26
              text run at (0,182) width 13: "''''"
            RenderBR {BR} at (12,182) size 1x26
            RenderText {#text} at (0,208) size 28x26
              text run at (0,208) width 28: "(((("
            RenderBR {BR} at (27,208) size 1x26
            RenderText {#text} at (0,234) size 28x26
              text run at (0,234) width 28: "))))"
            RenderBR {BR} at (27,234) size 1x26
            RenderText {#text} at (0,260) size 25x26
              text run at (0,260) width 25: "****"
            RenderBR {BR} at (24,260) size 1x26
            RenderText {#text} at (0,286) size 33x26
              text run at (0,286) width 33: "++++"
            RenderBR {BR} at (32,286) size 1x26
            RenderText {#text} at (0,312) size 18x26
              text run at (0,312) width 18: ",,,,"
            RenderBR {BR} at (17,312) size 1x26
            RenderText {#text} at (0,338) size 30x26
              text run at (0,338) width 30: "----"
            RenderBR {BR} at (29,338) size 1x26
            RenderText {#text} at (0,364) size 18x26
              text run at (0,364) width 18: "...."
            RenderBR {BR} at (17,364) size 1x26
            RenderText {#text} at (0,390) size 34x26
              text run at (0,390) width 34: "////"
            RenderBR {BR} at (33,390) size 1x26
            RenderText {#text} at (0,416) size 43x26
              text run at (0,416) width 43: "0000"
            RenderBR {BR} at (42,416) size 1x26
            RenderText {#text} at (0,442) size 17x26
              text run at (0,442) width 17: "1111"
            RenderBR {BR} at (16,442) size 1x26
            RenderText {#text} at (0,468) size 33x26
              text run at (0,468) width 33: "2222"
            RenderBR {BR} at (32,468) size 1x26
            RenderText {#text} at (0,494) size 31x26
              text run at (0,494) width 31: "3333"
            RenderBR {BR} at (30,494) size 1x26
            RenderText {#text} at (0,520) size 43x26
              text run at (0,520) width 43: "4444"
            RenderBR {BR} at (42,520) size 1x26
            RenderText {#text} at (0,546) size 32x26
              text run at (0,546) width 32: "5555"
            RenderBR {BR} at (31,546) size 1x26
            RenderText {#text} at (0,572) size 34x26
              text run at (0,572) width 34: "6666"
            RenderBR {BR} at (33,572) size 1x26
            RenderText {#text} at (0,598) size 30x26
              text run at (0,598) width 30: "7777"
            RenderBR {BR} at (29,598) size 1x26
            RenderText {#text} at (0,624) size 32x26
              text run at (0,624) width 32: "8888"
            RenderBR {BR} at (31,624) size 1x26
            RenderText {#text} at (0,650) size 34x26
              text run at (0,650) width 34: "9999"
            RenderBR {BR} at (33,650) size 1x26
            RenderText {#text} at (0,676) size 18x26
              text run at (0,676) width 18: "::::"
            RenderBR {BR} at (17,676) size 1x26
            RenderText {#text} at (0,702) size 18x26
              text run at (0,702) width 18: ";;;;"
            RenderBR {BR} at (17,702) size 1x26
            RenderText {#text} at (0,728) size 36x26
              text run at (0,728) width 36: "<<<<"
            RenderBR {BR} at (35,728) size 1x26
            RenderText {#text} at (0,754) size 30x26
              text run at (0,754) width 30: "===="
            RenderBR {BR} at (29,754) size 1x26
            RenderText {#text} at (0,780) size 36x26
              text run at (0,780) width 36: ">>>>"
            RenderBR {BR} at (35,780) size 1x26
            RenderText {#text} at (0,806) size 31x26
              text run at (0,806) width 31: "????"
            RenderBR {BR} at (30,806) size 1x26
            RenderText {#text} at (0,832) size 39x26
              text run at (0,832) width 39: "@@@@"
            RenderBR {BR} at (38,832) size 1x26
            RenderText {#text} at (0,858) size 47x26
              text run at (0,858) width 47: "AAAA"
            RenderBR {BR} at (46,858) size 1x26
            RenderText {#text} at (0,884) size 47x26
              text run at (0,884) width 47: "BBBB"
            RenderBR {BR} at (46,884) size 1x26
            RenderText {#text} at (0,910) size 45x26
              text run at (0,910) width 45: "CCCC"
            RenderBR {BR} at (44,910) size 1x26
            RenderText {#text} at (0,936) size 53x26
              text run at (0,936) width 53: "DDDD"
            RenderBR {BR} at (52,936) size 1x26
            RenderText {#text} at (0,962) size 47x26
              text run at (0,962) width 47: "EEEE"
            RenderBR {BR} at (46,962) size 1x26
            RenderText {#text} at (0,988) size 40x26
              text run at (0,988) width 40: "FFFF"
            RenderBR {BR} at (39,988) size 1x26
            RenderText {#text} at (0,1014) size 48x26
              text run at (0,1014) width 48: "GGGG"
            RenderBR {BR} at (47,1014) size 1x26
            RenderText {#text} at (0,1040) size 49x26
              text run at (0,1040) width 49: "HHHH"
            RenderBR {BR} at (48,1040) size 1x26
            RenderText {#text} at (0,1066) size 16x26
              text run at (0,1066) width 16: "IIII"
            RenderBR {BR} at (15,1066) size 1x26
            RenderText {#text} at (0,1092) size 35x26
              text run at (0,1092) width 35: "JJJJ"
            RenderBR {BR} at (34,1092) size 1x26
            RenderText {#text} at (0,1118) size 46x26
              text run at (0,1118) width 46: "KKKK"
            RenderBR {BR} at (45,1118) size 1x26
            RenderText {#text} at (0,1144) size 39x26
              text run at (0,1144) width 39: "LLLL"
            RenderBR {BR} at (38,1144) size 1x26
            RenderText {#text} at (0,1170) size 56x26
              text run at (0,1170) width 56: "MMMM"
            RenderBR {BR} at (55,1170) size 1x26
            RenderText {#text} at (0,1196) size 42x26
              text run at (0,1196) width 42: "NNNN"
            RenderBR {BR} at (41,1196) size 1x26
            RenderText {#text} at (0,1222) size 59x26
              text run at (0,1222) width 59: "OOOO"
            RenderBR {BR} at (58,1222) size 1x26
            RenderText {#text} at (0,1248) size 42x26
              text run at (0,1248) width 42: "PPPP"
            RenderBR {BR} at (41,1248) size 1x26
            RenderText {#text} at (0,1274) size 59x26
              text run at (0,1274) width 59: "QQQQ"
            RenderBR {BR} at (58,1274) size 1x26
            RenderText {#text} at (0,1300) size 43x26
              text run at (0,1300) width 43: "RRRR"
            RenderBR {BR} at (42,1300) size 1x26
            RenderText {#text} at (0,1326) size 42x26
              text run at (0,1326) width 42: "SSSS"
            RenderBR {BR} at (41,1326) size 1x26
            RenderText {#text} at (0,1352) size 45x26
              text run at (0,1352) width 45: "TTTT"
            RenderBR {BR} at (44,1352) size 1x26
            RenderText {#text} at (0,1378) size 52x26
              text run at (0,1378) width 52: "UUUU"
            RenderBR {BR} at (51,1378) size 1x26
            RenderText {#text} at (0,1404) size 38x26
              text run at (0,1404) width 38: "VVVV"
            RenderBR {BR} at (37,1404) size 1x26
            RenderText {#text} at (0,1430) size 51x26
              text run at (0,1430) width 51: "WWWW"
            RenderBR {BR} at (50,1430) size 1x26
            RenderText {#text} at (0,1456) size 42x26
              text run at (0,1456) width 42: "XXXX"
            RenderBR {BR} at (41,1456) size 1x26
            RenderText {#text} at (0,1482) size 41x26
              text run at (0,1482) width 41: "YYYY"
            RenderBR {BR} at (40,1482) size 1x26
            RenderText {#text} at (0,1508) size 43x26
              text run at (0,1508) width 43: "ZZZZ"
            RenderBR {BR} at (42,1508) size 1x26
            RenderText {#text} at (0,1534) size 28x26
              text run at (0,1534) width 28: "[[[["
            RenderBR {BR} at (27,1534) size 1x26
            RenderText {#text} at (0,1560) size 34x26
              text run at (0,1560) width 34: "\\\\\\\\"
            RenderBR {BR} at (33,1560) size 1x26
            RenderText {#text} at (0,1586) size 28x26
              text run at (0,1586) width 28: "]]]]"
            RenderBR {BR} at (27,1586) size 1x26
            RenderText {#text} at (0,1612) size 34x26
              text run at (0,1612) width 34: "^^^^"
            RenderBR {BR} at (33,1612) size 1x26
            RenderText {#text} at (0,1638) size 32x26
              text run at (0,1638) width 32: "____"
            RenderBR {BR} at (32,1638) size 0x26
            RenderText {#text} at (0,1664) size 19x26
              text run at (0,1664) width 19: "````"
            RenderBR {BR} at (18,1664) size 1x26
            RenderText {#text} at (0,1690) size 35x26
              text run at (0,1690) width 35: "aaaa"
            RenderBR {BR} at (34,1690) size 1x26
            RenderText {#text} at (0,1716) size 39x26
              text run at (0,1716) width 39: "bbbb"
            RenderBR {BR} at (38,1716) size 1x26
            RenderText {#text} at (0,1742) size 32x26
              text run at (0,1742) width 32: "cccc"
            RenderBR {BR} at (31,1742) size 1x26
            RenderText {#text} at (0,1768) size 39x26
              text run at (0,1768) width 39: "dddd"
            RenderBR {BR} at (38,1768) size 1x26
            RenderText {#text} at (0,1794) size 34x26
              text run at (0,1794) width 34: "eeee"
            RenderBR {BR} at (33,1794) size 1x26
            RenderText {#text} at (0,1820) size 26x26
              text run at (0,1820) width 26: "ffff"
            RenderBR {BR} at (25,1820) size 1x26
            RenderText {#text} at (0,1846) size 35x26
              text run at (0,1846) width 35: "gggg"
            RenderBR {BR} at (34,1846) size 1x26
            RenderText {#text} at (0,1872) size 37x26
              text run at (0,1872) width 37: "hhhh"
            RenderBR {BR} at (36,1872) size 1x26
            RenderText {#text} at (0,1898) size 14x26
              text run at (0,1898) width 14: "iiii"
            RenderBR {BR} at (13,1898) size 1x26
            RenderText {#text} at (0,1924) size 14x26
              text run at (0,1924) width 14: "jjjj"
            RenderBR {BR} at (13,1924) size 1x26
            RenderText {#text} at (0,1950) size 36x26
              text run at (0,1950) width 36: "kkkk"
            RenderBR {BR} at (35,1950) size 1x26
            RenderText {#text} at (0,1976) size 15x26
              text run at (0,1976) width 15: "llll"
            RenderBR {BR} at (14,1976) size 1x26
            RenderText {#text} at (0,2002) size 46x26
              text run at (0,2002) width 46: "mmmm"
            RenderBR {BR} at (45,2002) size 1x26
            RenderText {#text} at (0,2028) size 36x26
              text run at (0,2028) width 36: "nnnn"
            RenderBR {BR} at (35,2028) size 1x26
            RenderText {#text} at (0,2054) size 39x26
              text run at (0,2054) width 39: "oooo"
            RenderBR {BR} at (38,2054) size 1x26
            RenderText {#text} at (0,2080) size 40x26
              text run at (0,2080) width 40: "pppp"
            RenderBR {BR} at (39,2080) size 1x26
            RenderText {#text} at (0,2106) size 37x26
              text run at (0,2106) width 37: "qqqq"
            RenderBR {BR} at (36,2106) size 1x26
            RenderText {#text} at (0,2132) size 25x26
              text run at (0,2132) width 25: "rrrr"
            RenderBR {BR} at (24,2132) size 1x26
            RenderText {#text} at (0,2158) size 31x26
              text run at (0,2158) width 31: "ssss"
            RenderBR {BR} at (30,2158) size 1x26
            RenderText {#text} at (0,2184) size 24x26
              text run at (0,2184) width 24: "tttt"
            RenderBR {BR} at (23,2184) size 1x26
            RenderText {#text} at (0,2210) size 36x26
              text run at (0,2210) width 36: "uuuu"
            RenderBR {BR} at (35,2210) size 1x26
            RenderText {#text} at (0,2236) size 29x26
              text run at (0,2236) width 29: "vvvv"
            RenderBR {BR} at (28,2236) size 1x26
            RenderText {#text} at (0,2262) size 42x26
              text run at (0,2262) width 42: "wwww"
            RenderBR {BR} at (41,2262) size 1x26
            RenderText {#text} at (0,2288) size 32x26
              text run at (0,2288) width 32: "xxxx"
            RenderBR {BR} at (31,2288) size 1x26
            RenderText {#text} at (0,2314) size 35x26
              text run at (0,2314) width 35: "yyyy"
            RenderBR {BR} at (34,2314) size 1x26
            RenderText {#text} at (0,2340) size 29x26
              text run at (0,2340) width 29: "zzzz"
            RenderBR {BR} at (28,2340) size 1x26
            RenderText {#text} at (0,2366) size 17x26
              text run at (0,2366) width 17: "{{{{"
            RenderBR {BR} at (16,2366) size 1x26
            RenderText {#text} at (0,2392) size 15x26
              text run at (0,2392) width 15: "||||"
            RenderBR {BR} at (14,2392) size 1x26
            RenderText {#text} at (0,2418) size 17x26
              text run at (0,2418) width 17: "}}}}"
            RenderBR {BR} at (16,2418) size 1x26
          RenderText {#text} at (0,0) size 0x0
        RenderText {#text} at (0,0) size 0x0
